// Vitest Snapshot v1, https://vitest.dev/guide/snapshot.html

exports[`EditListForm > should create new list 1`] = `
{
  "asFragment": [Function],
  "baseElement": <body>
    <div>
      <form
        class="flex items-center justify-center"
      >
        <input
          class="form-input mr-3 h-10 w-52 border-none bg-transparent p-1 text-center font-roboto text-2xl placeholder:text-blue-500 focus:ring-transparent focus:placeholder:text-gray-500"
          placeholder="HELP ME"
          type="text"
          value=""
        />
        <button
          class="h-10 rounded-md bg-blue-500 px-2 py-1 font-roboto text-xl text-white shadow-md hover:bg-blue-600"
          role="button-edit_list"
          type="submit"
        >
          Изменить
        </button>
      </form>
    </div>
  </body>,
  "container": <div>
    <form
      class="flex items-center justify-center"
    >
      <input
        class="form-input mr-3 h-10 w-52 border-none bg-transparent p-1 text-center font-roboto text-2xl placeholder:text-blue-500 focus:ring-transparent focus:placeholder:text-gray-500"
        placeholder="HELP ME"
        type="text"
        value=""
      />
      <button
        class="h-10 rounded-md bg-blue-500 px-2 py-1 font-roboto text-xl text-white shadow-md hover:bg-blue-600"
        role="button-edit_list"
        type="submit"
      >
        Изменить
      </button>
    </form>
  </div>,
  "debug": [Function],
  "findAllByAltText": [Function],
  "findAllByDisplayValue": [Function],
  "findAllByLabelText": [Function],
  "findAllByPlaceholderText": [Function],
  "findAllByRole": [Function],
  "findAllByTestId": [Function],
  "findAllByText": [Function],
  "findAllByTitle": [Function],
  "findByAltText": [Function],
  "findByDisplayValue": [Function],
  "findByLabelText": [Function],
  "findByPlaceholderText": [Function],
  "findByRole": [Function],
  "findByTestId": [Function],
  "findByText": [Function],
  "findByTitle": [Function],
  "getAllByAltText": [Function],
  "getAllByDisplayValue": [Function],
  "getAllByLabelText": [Function],
  "getAllByPlaceholderText": [Function],
  "getAllByRole": [Function],
  "getAllByTestId": [Function],
  "getAllByText": [Function],
  "getAllByTitle": [Function],
  "getByAltText": [Function],
  "getByDisplayValue": [Function],
  "getByLabelText": [Function],
  "getByPlaceholderText": [Function],
  "getByRole": [Function],
  "getByTestId": [Function],
  "getByText": [Function],
  "getByTitle": [Function],
  "queryAllByAltText": [Function],
  "queryAllByDisplayValue": [Function],
  "queryAllByLabelText": [Function],
  "queryAllByPlaceholderText": [Function],
  "queryAllByRole": [Function],
  "queryAllByTestId": [Function],
  "queryAllByText": [Function],
  "queryAllByTitle": [Function],
  "queryByAltText": [Function],
  "queryByDisplayValue": [Function],
  "queryByLabelText": [Function],
  "queryByPlaceholderText": [Function],
  "queryByRole": [Function],
  "queryByTestId": [Function],
  "queryByText": [Function],
  "queryByTitle": [Function],
  "rerender": [Function],
  "unmount": [Function],
}
`;
