// Vitest Snapshot v1, https://vitest.dev/guide/snapshot.html

exports[`TodoItem > should create TodoItem 1`] = `
{
  "asFragment": [Function],
  "baseElement": <body>
    <div>
      <div
        class="mx-3 mt-3 flex h-12 cursor-pointer items-center rounded border border-gray-200 bg-white shadow-md last-of-type:mb-2"
      >
        <div
          class="mx-3 cursor-pointer"
          role="button-complete"
        >
          <span />
        </div>
        <p
          class="flex h-full w-full items-center overflow-x-auto italic text-gray-400 line-through"
          role="todo-item"
        >
          today
        </p>
        <button
          class="mx-3 flex h-[30px] w-[30px] cursor-pointer items-center justify-center"
          role="button-important"
        >
          <span />
        </button>
      </div>
    </div>
  </body>,
  "container": <div>
    <div
      class="mx-3 mt-3 flex h-12 cursor-pointer items-center rounded border border-gray-200 bg-white shadow-md last-of-type:mb-2"
    >
      <div
        class="mx-3 cursor-pointer"
        role="button-complete"
      >
        <span />
      </div>
      <p
        class="flex h-full w-full items-center overflow-x-auto italic text-gray-400 line-through"
        role="todo-item"
      >
        today
      </p>
      <button
        class="mx-3 flex h-[30px] w-[30px] cursor-pointer items-center justify-center"
        role="button-important"
      >
        <span />
      </button>
    </div>
  </div>,
  "debug": [Function],
  "findAllByAltText": [Function],
  "findAllByDisplayValue": [Function],
  "findAllByLabelText": [Function],
  "findAllByPlaceholderText": [Function],
  "findAllByRole": [Function],
  "findAllByTestId": [Function],
  "findAllByText": [Function],
  "findAllByTitle": [Function],
  "findByAltText": [Function],
  "findByDisplayValue": [Function],
  "findByLabelText": [Function],
  "findByPlaceholderText": [Function],
  "findByRole": [Function],
  "findByTestId": [Function],
  "findByText": [Function],
  "findByTitle": [Function],
  "getAllByAltText": [Function],
  "getAllByDisplayValue": [Function],
  "getAllByLabelText": [Function],
  "getAllByPlaceholderText": [Function],
  "getAllByRole": [Function],
  "getAllByTestId": [Function],
  "getAllByText": [Function],
  "getAllByTitle": [Function],
  "getByAltText": [Function],
  "getByDisplayValue": [Function],
  "getByLabelText": [Function],
  "getByPlaceholderText": [Function],
  "getByRole": [Function],
  "getByTestId": [Function],
  "getByText": [Function],
  "getByTitle": [Function],
  "queryAllByAltText": [Function],
  "queryAllByDisplayValue": [Function],
  "queryAllByLabelText": [Function],
  "queryAllByPlaceholderText": [Function],
  "queryAllByRole": [Function],
  "queryAllByTestId": [Function],
  "queryAllByText": [Function],
  "queryAllByTitle": [Function],
  "queryByAltText": [Function],
  "queryByDisplayValue": [Function],
  "queryByLabelText": [Function],
  "queryByPlaceholderText": [Function],
  "queryByRole": [Function],
  "queryByTestId": [Function],
  "queryByText": [Function],
  "queryByTitle": [Function],
  "rerender": [Function],
  "unmount": [Function],
}
`;
